theia@theia-ksundararaja:/home/project/jbbmo-Introduction-to-Git-and-GitHub$ git checkout master
Switched to branch 'master'
Your branch is up to date with 'origin/master'.
theia@theia-ksundararaja:/home/project/jbbmo-Introduction-to-dit-and-GitHub$ git merge bug-fix-typo
Updating 83026bb..7933398
Fast-forward
README.md 2+
1 file changed. 1 insertioptr 1 deletion()
theia@theia-ksundararaja:/home/project/ibbme-Introduction-to-Git-and-GitHub$ git log commit 793339858058tebbee15ab37e35e51btce2ee98 (HEAD -> master, origin/bug-fix-typo, bug-fix-typo)
Author:
Date: Wed Nov 8 04:34:21 2023-0500
bug fx typo finished.
